22:39:17 | INFO    | mrgvm.train    | Device: cpu
22:39:33 | INFO    | mrgvm.data     | Loaded 108 clips, 5384 frames, geometric dim 32 (~203 MB cached)
22:39:33 | INFO    | mrgvm.data     | Split integrity OK: 16 subjects, none shared across splits
22:39:33 | INFO    | mrgvm.train    | [mrgvm] 1170884 trainable parameters | geometric dim 32
22:39:55 | INFO    | mrgvm.train    | [mrgvm] epoch  0  train loss 1.5832 f1 0.184 | val loss 1.4151 f1 0.298 acc 0.472  (22.2s)
22:41:42 | INFO    | mrgvm.train    | [mrgvm] epoch  5  train loss 1.2333 f1 0.396 | val loss 1.4364 f1 0.282 acc 0.417  (21.7s)
22:43:33 | INFO    | mrgvm.train    | [mrgvm] epoch 10  train loss 1.1213 f1 0.557 | val loss 1.4798 f1 0.290 acc 0.361  (22.3s)
22:45:29 | INFO    | mrgvm.train    | [mrgvm] epoch 15  train loss 0.9717 f1 0.673 | val loss 1.6118 f1 0.283 acc 0.389  (24.9s)
22:46:35 | INFO    | mrgvm.train    | [mrgvm] early stopping at epoch 18 (best 8)
22:46:43 | INFO    | mrgvm.train    | Class distribution (Engagement):
            class_0  class_1  class_2  class_3  total
split                                                
Train             4        6       16       10     36
Validation        4        4       17       11     36
Test              3        5       19        9     36
22:46:43 | WARNING | mrgvm.train    | SMALL-SAMPLE: Train: class 0 has only 4 clip(s) -- its per-class F1 is not statistically meaningful.
22:46:43 | WARNING | mrgvm.train    | SMALL-SAMPLE: Validation: class 0 has only 4 clip(s) -- its per-class F1 is not statistically meaningful.
22:46:43 | WARNING | mrgvm.train    | SMALL-SAMPLE: Validation: class 1 has only 4 clip(s) -- its per-class F1 is not statistically meaningful.
22:46:43 | WARNING | mrgvm.train    | SMALL-SAMPLE: Test: class 0 has only 3 clip(s) -- its per-class F1 is not statistically meaningful.
22:46:43 | INFO    | mrgvm.train    |   Train       macro-F1 0.570 | acc 0.639 | QWK 0.741 | MAE 0.42
22:46:43 | INFO    | mrgvm.train    |   Validation  macro-F1 0.392 | acc 0.472 | QWK 0.206 | MAE 0.75
22:46:43 | INFO    | mrgvm.train    |   Test        macro-F1 0.286 | acc 0.472 | QWK 0.170 | MAE 0.75
22:46:43 | INFO    | mrgvm.train    | Test confusion matrix:
        pred   0pred   1pred   2pred   3
        --------------------------------
true  0 |       1       0       2       0
true  1 |       1       0       3       1
true  2 |       3       0      14       2
true  3 |       1       0       6       2
22:46:43 | INFO    | mrgvm.train    | Wrote outputs\results_mrgvm\mrgvm_result.json
